// Jest Snapshot v1, https://goo.gl/fbAQLP

exports[`DatatypeContent renders audio tag on audio primaryType 1`] = `
<div
  className="viewContentAudio MuiBox-root css-0"
>
  <audio
    autoPlay={true}
    controls={true}
    preload="auto"
  >
    <source
      src="testAudio"
      type="audio/mpeg3"
    />
  </audio>
</div>
`;

exports[`DatatypeContent renders img on image primaryType 1`] = `
<img
  alt="Datastream Image"
  className="viewContentImage"
  src="test1"
/>
`;

exports[`DatatypeContent renders object on application/pdf 1`] = `
<object
  className="viewContentObject"
  data="testPdf"
  type="application/pdf"
/>
`;

exports[`DatatypeContent renders textarea on text primaryType 1`] = `
<div
  className="viewContentText MuiBox-root css-0"
>
  testXml
</div>
`;
