// Jest Snapshot v1, https://goo.gl/fbAQLP

exports[`JobPaginator renders 1`] = `
<div
  id="paginator"
>
  <div
    className="row"
  >
    <div
      className="six col"
    >
      JobPaginatorZoomToggle
    </div>
    <div
      className="six col"
    >
      <p>
        <a
          href="/"
          onClick={[Function]}
          onMouseEnter={[Function]}
        >
          Main Menu
        </a>
         &gt; 
        <a
          href="/paginate"
          onClick={[Function]}
          onMouseEnter={[Function]}
        >
          Paginator
        </a>
         &gt; 
        testCategory
         
        &gt; 
        testJob
      </p>
      PaginatorControls
      PaginatorList
    </div>
  </div>
</div>
`;
