// Jest Snapshot v1, https://goo.gl/fbAQLP

exports[`LogoutButton renders correctly when logged in 1`] = `
<div
  className="logout"
>
  <a
    className="button"
    href="http://localhost:9000/api/auth/logout"
    onClick={[MockFunction]}
  >
    Log Out
  </a>
</div>
`;

exports[`LogoutButton renders correctly when logged out 1`] = `null`;
