// Jest Snapshot v1, https://goo.gl/fbAQLP

exports[`JobPaginator renders 1`] = `
<div
  id="paginator"
>
  <div
    class="row"
  >
    <div
      class="six col"
    >
      JobPaginatorZoomToggle
    </div>
    <div
      class="six col"
    >
      <p>
        testCategory &gt; testJob
      </p>
      PaginatorControlsPaginatorList
    </div>
  </div>
</div>
`;
