// Jest Snapshot v1, https://goo.gl/fbAQLP

exports[`PaginatorList renders empty element when pages are absent 1`] = `<div />`;

exports[`PaginatorList renders thumbnails for pages 1`] = `
<div
  className="pageList"
>
  <Thumbnail
    key="0"
    number={0}
    scrollTo={[Function]}
    selected={true}
  />
</div>
`;
