// Jest Snapshot v1, https://goo.gl/fbAQLP

exports[`PdfGenerator renders 1`] = `
<div>
  <h1>
    PDF Generator Tool
  </h1>
  <label>
    PID: 
    <input
      id="pdfGeneratePid"
      type="text"
      value=""
    />
  </label>
  <button>
    Generate
  </button>
  <h2>
    Results:
  </h2>
  <pre
    id="pdfGenerateResults"
  />
</div>
`;
