// Jest Snapshot v1, https://goo.gl/fbAQLP

exports[`Routes render 1`] = `
<Switch>
  <Route
    exact={true}
    path="/"
  >
    <Component />
  </Route>
  <Route
    exact={true}
    path="/paginate"
  >
    <Component />
  </Route>
  <Route
    path="/paginate/:category/:job"
  >
    <JobPaginatorHook />
  </Route>
  <Route
    exact={true}
    path="/pdf"
  >
    <Component />
  </Route>
  <Route
    exact={true}
    path="/solr"
  >
    <Component />
  </Route>
  <Route
    path="/editor/object/new"
  >
    <CreateObject />
  </Route>
</Switch>
`;
