// Jest Snapshot v1, https://goo.gl/fbAQLP

exports[`VuDLPrep renders 1`] = `
<div>
  <div
    className="logout"
  >
    <LogoutButton />
  </div>
  <BrowserRouter>
    <Switch>
      <Route
        exact={true}
        path="/"
      >
        <MainMenu />
      </Route>
      <Route
        exact={true}
        path="/paginate"
      >
        <JobSelector
          app={
            VuDLPrep {
              "ajax": AjaxHelperInstance {
                "_token": null,
                "handle4xx": [Function],
                "url": null,
              },
              "context": Object {},
              "props": Object {},
              "refs": Object {},
              "setState": [Function],
              "state": null,
              "updater": Updater {
                "_callbacks": Array [],
                "_renderer": ReactShallowRenderer {
                  "_context": Object {},
                  "_didScheduleRenderPhaseUpdate": false,
                  "_dispatcher": Object {
                    "readContext": [Function],
                    "useCallback": [Function],
                    "useContext": [Function],
                    "useDebugValue": [Function],
                    "useDeferredValue": [Function],
                    "useEffect": [Function],
                    "useImperativeHandle": [Function],
                    "useLayoutEffect": [Function],
                    "useMemo": [Function],
                    "useReducer": [Function],
                    "useRef": [Function],
                    "useResponder": [Function],
                    "useState": [Function],
                    "useTransition": [Function],
                  },
                  "_element": <VuDLPrep />,
                  "_firstWorkInProgressHook": null,
                  "_forcedUpdate": false,
                  "_instance": [Circular],
                  "_isReRender": false,
                  "_newState": null,
                  "_numberOfReRenders": 0,
                  "_renderPhaseUpdates": null,
                  "_rendered": <div>
                    <div
                      className="logout"
                    >
                      <LogoutButton />
                    </div>
                    <BrowserRouter>
                      <Switch>
                        <Route
                          exact={true}
                          path="/"
                        >
                          <MainMenu />
                        </Route>
                        <Route
                          exact={true}
                          path="/paginate"
                        >
                          <JobSelector
                            app={[Circular]}
                          />
                        </Route>
                        <Route
                          path="/paginate/:category/:job"
                        >
                          <JobPaginatorHook />
                        </Route>
                        <Route
                          exact={true}
                          path="/pdf"
                        >
                          <PdfGenerator />
                        </Route>
                        <Route
                          exact={true}
                          path="/solr"
                        >
                          <SolrIndexer />
                        </Route>
                      </Switch>
                    </BrowserRouter>
                  </div>,
                  "_rendering": false,
                  "_updater": [Circular],
                  "_workInProgressHook": null,
                },
              },
            }
          }
        />
      </Route>
      <Route
        path="/paginate/:category/:job"
      >
        <JobPaginatorHook />
      </Route>
      <Route
        exact={true}
        path="/pdf"
      >
        <PdfGenerator />
      </Route>
      <Route
        exact={true}
        path="/solr"
      >
        <SolrIndexer />
      </Route>
    </Switch>
  </BrowserRouter>
</div>
`;
