// Jest Snapshot v1, https://goo.gl/fbAQLP

exports[`DatastreamAgentsContentNotes renders 1`] = `
<DocumentFragment>
  <div
    class="MuiGrid-root MuiGrid-container MuiGrid-direction-xs-row MuiGrid-grid-xs-12 css-1kl4kyl-MuiGrid-root"
  >
    <div
      class="MuiFormControl-root MuiFormControl-fullWidth css-ytlejw-MuiFormControl-root"
    >
      <div
        class="MuiCollapse-root MuiCollapse-vertical MuiCollapse-hidden css-cwrbtg-MuiCollapse-root"
        style="min-height: 0px;"
      >
        <div
          class="MuiCollapse-wrapper MuiCollapse-vertical css-1x6hinx-MuiCollapse-wrapper"
        >
          <div
            class="MuiCollapse-wrapperInner MuiCollapse-vertical css-1i4ywhz-MuiCollapse-wrapperInner"
          >
            <div
              class="MuiGrid-root MuiGrid-container MuiGrid-direction-xs-row MuiGrid-grid-xs-12 css-1kl4kyl-MuiGrid-root"
            >
              <div
                class="MuiFormControl-root MuiFormControl-fullWidth css-ytlejw-MuiFormControl-root"
              >
                <div
                  class="MuiGrid-root MuiGrid-container MuiGrid-direction-xs-row MuiGrid-spacing-xs-1 css-1yvsbrk-MuiGrid-root"
                >
                  <div
                    class="MuiGrid-root MuiGrid-container MuiGrid-direction-xs-row MuiGrid-grid-xs-12 css-qc0aqs-MuiGrid-root"
                  >
                    <div
                      class="MuiFormControl-root MuiFormControl-fullWidth MuiTextField-root noteModifyTextField css-cmpglg-MuiFormControl-root-MuiTextField-root"
                    >
                      <label
                        class="MuiFormLabel-root MuiInputLabel-root MuiInputLabel-formControl MuiInputLabel-animated MuiInputLabel-shrink MuiInputLabel-outlined MuiFormLabel-colorPrimary MuiFormLabel-filled MuiInputLabel-root MuiInputLabel-formControl MuiInputLabel-animated MuiInputLabel-shrink MuiInputLabel-outlined css-113d811-MuiFormLabel-root-MuiInputLabel-root"
                        data-shrink="true"
                        for="_r_0_"
                        id="_r_0_-label"
                      >
                        Note
                      </label>
                      <div
                        class="MuiInputBase-root MuiOutlinedInput-root MuiInputBase-colorPrimary MuiInputBase-fullWidth MuiInputBase-formControl MuiInputBase-adornedEnd css-1n04w30-MuiInputBase-root-MuiOutlinedInput-root"
                      >
                        <input
                          aria-invalid="false"
                          class="MuiInputBase-input MuiOutlinedInput-input MuiInputBase-inputAdornedEnd css-1dune0f-MuiInputBase-input-MuiOutlinedInput-input"
                          id="_r_0_"
                          type="text"
                          value="test1"
                        />
                        <div
                          class="MuiInputAdornment-root MuiInputAdornment-positionEnd MuiInputAdornment-outlined MuiInputAdornment-sizeMedium css-elo8k2-MuiInputAdornment-root"
                        >
                          <button
                            class="MuiButtonBase-root MuiIconButton-root MuiIconButton-edgeEnd MuiIconButton-sizeMedium deleteNoteButton css-1ysp02-MuiButtonBase-root-MuiIconButton-root"
                            tabindex="0"
                            type="button"
                          >
                            <svg
                              aria-hidden="true"
                              class="MuiSvgIcon-root MuiSvgIcon-fontSizeMedium css-1umw9bq-MuiSvgIcon-root"
                              data-testid="DeleteIcon"
                              focusable="false"
                              viewBox="0 0 24 24"
                            >
                              <path
                                d="M6 19c0 1.1.9 2 2 2h8c1.1 0 2-.9 2-2V7H6zM19 4h-3.5l-1-1h-5l-1 1H5v2h14z"
                              />
                            </svg>
                          </button>
                        </div>
                        <fieldset
                          aria-hidden="true"
                          class="MuiOutlinedInput-notchedOutline css-18p5xg2-MuiNotchedOutlined-root-MuiOutlinedInput-notchedOutline"
                        >
                          <legend
                            class="css-ex8a5f-MuiNotchedOutlined-root"
                          >
                            <span>
                              Note
                            </span>
                          </legend>
                        </fieldset>
                      </div>
                    </div>
                  </div>
                  <div
                    class="MuiGrid-root MuiGrid-container MuiGrid-direction-xs-row MuiGrid-grid-xs-12 css-qc0aqs-MuiGrid-root"
                  >
                    <div
                      class="MuiFormControl-root MuiFormControl-fullWidth MuiTextField-root noteAddTextField css-cmpglg-MuiFormControl-root-MuiTextField-root"
                    >
                      <div
                        class="MuiInputBase-root MuiOutlinedInput-root MuiInputBase-colorPrimary MuiInputBase-fullWidth MuiInputBase-formControl MuiInputBase-adornedEnd css-1n04w30-MuiInputBase-root-MuiOutlinedInput-root"
                      >
                        <input
                          aria-invalid="false"
                          class="MuiInputBase-input MuiOutlinedInput-input MuiInputBase-inputAdornedEnd css-1dune0f-MuiInputBase-input-MuiOutlinedInput-input"
                          id="_r_2_"
                          placeholder="Add Notes"
                          required=""
                          type="text"
                          value=""
                        />
                        <div
                          class="MuiInputAdornment-root MuiInputAdornment-positionEnd MuiInputAdornment-outlined MuiInputAdornment-sizeMedium css-elo8k2-MuiInputAdornment-root"
                        >
                          <button
                            class="MuiButtonBase-root MuiIconButton-root MuiIconButton-edgeEnd MuiIconButton-sizeMedium addNoteButton css-1ysp02-MuiButtonBase-root-MuiIconButton-root"
                            tabindex="0"
                            type="button"
                          >
                            <svg
                              aria-hidden="true"
                              class="MuiSvgIcon-root MuiSvgIcon-fontSizeMedium css-1umw9bq-MuiSvgIcon-root"
                              data-testid="SendIcon"
                              focusable="false"
                              viewBox="0 0 24 24"
                            >
                              <path
                                d="M2.01 21 23 12 2.01 3 2 10l15 2-15 2z"
                              />
                            </svg>
                          </button>
                        </div>
                        <fieldset
                          aria-hidden="true"
                          class="MuiOutlinedInput-notchedOutline css-18p5xg2-MuiNotchedOutlined-root-MuiOutlinedInput-notchedOutline"
                        >
                          <legend
                            class="css-1nf2c5d-MuiNotchedOutlined-root"
                          >
                            <span
                              aria-hidden="true"
                              class="notranslate"
                            >
                              ​
                            </span>
                          </legend>
                        </fieldset>
                      </div>
                    </div>
                  </div>
                </div>
              </div>
            </div>
          </div>
        </div>
      </div>
    </div>
  </div>
</DocumentFragment>
`;
