// Jest Snapshot v1, https://goo.gl/fbAQLP

exports[`DatastreamUploadModalContent renders 1`] = `
<DocumentFragment>
  <div
    class="MuiDialogContent-root css-kw13he-MuiDialogContent-root"
  >
    <input
      aria-label="Upload File"
      class="uploadFileButton"
      type="file"
    />
  </div>
</DocumentFragment>
`;
