// Jest Snapshot v1, https://goo.gl/fbAQLP

exports[`Datastream renders 1`] = `
Array [
  null,
  <li
    class="MuiListItem-root MuiListItem-gutters MuiListItem-padding css-1rki8sg-MuiListItem-root"
  >
    <div
      class="MuiListItemText-root css-tlelie-MuiListItemText-root"
    >
      <span
        class="MuiTypography-root MuiTypography-body1 MuiListItemText-primary css-10hburv-MuiTypography-root"
      >
        test1
      </span>
    </div>
    <div
      class="MuiListItemSecondaryAction-root css-518kzi-MuiListItemSecondaryAction-root"
    >
      DatastreamControls
    </div>
  </li>,
]
`;
