// Jest Snapshot v1, https://goo.gl/fbAQLP

exports[`DatastreamDublinCoreContent  renders 1`] = `
<DocumentFragment>
  <div
    class="MuiDialogContent-root css-kw13he-MuiDialogContent-root"
  >
    <div
      class="MuiGrid-root MuiGrid-container MuiGrid-direction-xs-row MuiGrid-spacing-xs-1 css-1yvsbrk-MuiGrid-root"
    >
      <div
        class="MuiGrid-root MuiGrid-direction-xs-row MuiGrid-grid-xs-8 css-1hw9i25-MuiGrid-root"
      >
        DatastreamDublinCoreValues
      </div>
      <div
        class="MuiGrid-root MuiGrid-direction-xs-row MuiGrid-grid-xs-4 css-1oxte1b-MuiGrid-root"
      >
        DatastreamDublinCoreAddButtons
        <h3>
          Other Tools
        </h3>
        ObjectPreviewButton
      </div>
    </div>
  </div>
  <div
    class="MuiDialogActions-root MuiDialogActions-spacing css-15fu35s-MuiDialogActions-root"
  >
    <button
      class="MuiButtonBase-root MuiButton-root MuiButton-text MuiButton-textPrimary MuiButton-sizeMedium MuiButton-textSizeMedium MuiButton-colorPrimary MuiButton-root MuiButton-text MuiButton-textPrimary MuiButton-sizeMedium MuiButton-textSizeMedium MuiButton-colorPrimary uploadDublinCoreButton css-1uent87-MuiButtonBase-root-MuiButton-root"
      tabindex="0"
      type="button"
    >
      Save
    </button>
    <button
      class="MuiButtonBase-root MuiButton-root MuiButton-text MuiButton-textPrimary MuiButton-sizeMedium MuiButton-textSizeMedium MuiButton-colorPrimary MuiButton-root MuiButton-text MuiButton-textPrimary MuiButton-sizeMedium MuiButton-textSizeMedium MuiButton-colorPrimary css-1uent87-MuiButtonBase-root-MuiButton-root"
      tabindex="0"
      type="button"
    >
      Cancel
    </button>
  </div>
</DocumentFragment>
`;
