// Jest Snapshot v1, https://goo.gl/fbAQLP

exports[`DatastreamAgentsContentNotes renders 1`] = `
<ForwardRef(Grid)
  container={true}
  item={true}
  xs={12}
>
  <ForwardRef(FormControl)
    fullWidth={true}
  >
    <ForwardRef(Collapse)
      in={false}
    >
      <ForwardRef(Grid)
        container={true}
        item={true}
        xs={12}
      >
        <ForwardRef(FormControl)
          fullWidth={true}
        >
          <ForwardRef(Grid)
            container={true}
            spacing={1}
          >
            <ForwardRef(Grid)
              container={true}
              item={true}
              key="0"
              xs={12}
            >
              <ForwardRef(TextField)
                InputProps={
                  {
                    "endAdornment": <ForwardRef(InputAdornment)
                      position="end"
                    >
                      <ForwardRef(IconButton)
                        className="deleteNoteButton"
                        edge="end"
                        onClick={[Function]}
                      >
                        <Memo />
                      </ForwardRef(IconButton)>
                    </ForwardRef(InputAdornment)>,
                  }
                }
                className="noteModifyTextField"
                fullWidth={true}
                label="Note"
                onChange={[Function]}
                value="test1"
              />
            </ForwardRef(Grid)>
            <ForwardRef(Grid)
              container={true}
              item={true}
              xs={12}
            >
              <ForwardRef(TextField)
                InputProps={
                  {
                    "endAdornment": <ForwardRef(InputAdornment)
                      position="end"
                    >
                      <ForwardRef(IconButton)
                        className="addNoteButton"
                        edge="end"
                        onClick={[Function]}
                      >
                        <Memo />
                      </ForwardRef(IconButton)>
                    </ForwardRef(InputAdornment)>,
                  }
                }
                className="noteAddTextField"
                fullWidth={true}
                onChange={[Function]}
                placeholder="Add Notes"
                required={true}
                value=""
              />
            </ForwardRef(Grid)>
          </ForwardRef(Grid)>
        </ForwardRef(FormControl)>
      </ForwardRef(Grid)>
    </ForwardRef(Collapse)>
  </ForwardRef(FormControl)>
</ForwardRef(Grid)>
`;
