// Jest Snapshot v1, https://goo.gl/fbAQLP

exports[`DatastreamProcessMetadataContent can be canceled 1`] = `
<DocumentFragment>
  <div
    class="MuiDialogContent-root css-kw13he-MuiDialogContent-root"
  >
    Digital ProvenanceTab: EditorTab: Clone
    <div
      style="display: block;"
    >
      Process Label
      <div
        class="MuiInputBase-root MuiOutlinedInput-root MuiInputBase-colorPrimary css-quhxjy-MuiInputBase-root-MuiOutlinedInput-root"
      >
        <input
          class="MuiInputBase-input MuiOutlinedInput-input css-16wblaj-MuiInputBase-input-MuiOutlinedInput-input"
          id="_r_26_"
          type="text"
          value=""
        />
        <fieldset
          aria-hidden="true"
          class="MuiOutlinedInput-notchedOutline css-18p5xg2-MuiNotchedOutlined-root-MuiOutlinedInput-notchedOutline"
        >
          <legend
            class="css-1n64csd-MuiNotchedOutlined-root"
          >
            <span>
              Process Label
            </span>
          </legend>
        </fieldset>
      </div>
      Process Creator
      <div
        class="MuiInputBase-root MuiOutlinedInput-root MuiInputBase-colorPrimary css-quhxjy-MuiInputBase-root-MuiOutlinedInput-root"
      >
        <input
          class="MuiInputBase-input MuiOutlinedInput-input css-16wblaj-MuiInputBase-input-MuiOutlinedInput-input"
          id="_r_27_"
          type="text"
          value=""
        />
        <fieldset
          aria-hidden="true"
          class="MuiOutlinedInput-notchedOutline css-18p5xg2-MuiNotchedOutlined-root-MuiOutlinedInput-notchedOutline"
        >
          <legend
            class="css-1n64csd-MuiNotchedOutlined-root"
          >
            <span>
              Process Creator
            </span>
          </legend>
        </fieldset>
      </div>
      LocalizationProviderProcess Organization
      <div
        class="MuiInputBase-root MuiOutlinedInput-root MuiInputBase-colorPrimary css-quhxjy-MuiInputBase-root-MuiOutlinedInput-root"
      >
        <input
          class="MuiInputBase-input MuiOutlinedInput-input css-16wblaj-MuiInputBase-input-MuiOutlinedInput-input"
          id="_r_28_"
          type="text"
          value=""
        />
        <fieldset
          aria-hidden="true"
          class="MuiOutlinedInput-notchedOutline css-18p5xg2-MuiNotchedOutlined-root-MuiOutlinedInput-notchedOutline"
        >
          <legend
            class="css-1n64csd-MuiNotchedOutlined-root"
          >
            <span>
              Process Organization
            </span>
          </legend>
        </fieldset>
      </div>
      <button>
        Add Task
      </button>
    </div>
    <div
      style="display: none;"
    >
      <div>
        PidPicker: {"selected":""}
      </div>
    </div>
  </div>
  <div
    class="MuiDialogActions-root MuiDialogActions-spacing css-15fu35s-MuiDialogActions-root"
  >
    <button
      class="MuiButtonBase-root MuiButton-root MuiButton-text MuiButton-textPrimary MuiButton-sizeMedium MuiButton-textSizeMedium MuiButton-colorPrimary MuiButton-root MuiButton-text MuiButton-textPrimary MuiButton-sizeMedium MuiButton-textSizeMedium MuiButton-colorPrimary uploadProcessMetadataButton css-1uent87-MuiButtonBase-root-MuiButton-root"
      tabindex="0"
      type="button"
    >
      Save
    </button>
    <button
      class="MuiButtonBase-root MuiButton-root MuiButton-text MuiButton-textPrimary MuiButton-sizeMedium MuiButton-textSizeMedium MuiButton-colorPrimary MuiButton-root MuiButton-text MuiButton-textPrimary MuiButton-sizeMedium MuiButton-textSizeMedium MuiButton-colorPrimary css-1uent87-MuiButtonBase-root-MuiButton-root"
      tabindex="0"
      type="button"
    >
      Cancel
    </button>
  </div>
</DocumentFragment>
`;

exports[`DatastreamProcessMetadataContent can clone metadata from another PID 1`] = `
<DocumentFragment>
  <div
    class="MuiDialogContent-root css-kw13he-MuiDialogContent-root"
  >
    Digital ProvenanceTab: EditorTab: Clone
    <div
      style="display: block;"
    >
      Process Label
      <div
        class="MuiInputBase-root MuiOutlinedInput-root MuiInputBase-colorPrimary css-quhxjy-MuiInputBase-root-MuiOutlinedInput-root"
      >
        <input
          class="MuiInputBase-input MuiOutlinedInput-input css-16wblaj-MuiInputBase-input-MuiOutlinedInput-input"
          id="_r_1d_"
          type="text"
          value=""
        />
        <fieldset
          aria-hidden="true"
          class="MuiOutlinedInput-notchedOutline css-18p5xg2-MuiNotchedOutlined-root-MuiOutlinedInput-notchedOutline"
        >
          <legend
            class="css-1n64csd-MuiNotchedOutlined-root"
          >
            <span>
              Process Label
            </span>
          </legend>
        </fieldset>
      </div>
      Process Creator
      <div
        class="MuiInputBase-root MuiOutlinedInput-root MuiInputBase-colorPrimary css-quhxjy-MuiInputBase-root-MuiOutlinedInput-root"
      >
        <input
          class="MuiInputBase-input MuiOutlinedInput-input css-16wblaj-MuiInputBase-input-MuiOutlinedInput-input"
          id="_r_1e_"
          type="text"
          value=""
        />
        <fieldset
          aria-hidden="true"
          class="MuiOutlinedInput-notchedOutline css-18p5xg2-MuiNotchedOutlined-root-MuiOutlinedInput-notchedOutline"
        >
          <legend
            class="css-1n64csd-MuiNotchedOutlined-root"
          >
            <span>
              Process Creator
            </span>
          </legend>
        </fieldset>
      </div>
      LocalizationProviderProcess Organization
      <div
        class="MuiInputBase-root MuiOutlinedInput-root MuiInputBase-colorPrimary css-quhxjy-MuiInputBase-root-MuiOutlinedInput-root"
      >
        <input
          class="MuiInputBase-input MuiOutlinedInput-input css-16wblaj-MuiInputBase-input-MuiOutlinedInput-input"
          id="_r_1f_"
          type="text"
          value=""
        />
        <fieldset
          aria-hidden="true"
          class="MuiOutlinedInput-notchedOutline css-18p5xg2-MuiNotchedOutlined-root-MuiOutlinedInput-notchedOutline"
        >
          <legend
            class="css-1n64csd-MuiNotchedOutlined-root"
          >
            <span>
              Process Organization
            </span>
          </legend>
        </fieldset>
      </div>
      <button>
        Add Task
      </button>
    </div>
    <div
      style="display: none;"
    >
      <div>
        PidPicker: {"selected":""}
      </div>
    </div>
  </div>
  <div
    class="MuiDialogActions-root MuiDialogActions-spacing css-15fu35s-MuiDialogActions-root"
  >
    <button
      class="MuiButtonBase-root MuiButton-root MuiButton-text MuiButton-textPrimary MuiButton-sizeMedium MuiButton-textSizeMedium MuiButton-colorPrimary MuiButton-root MuiButton-text MuiButton-textPrimary MuiButton-sizeMedium MuiButton-textSizeMedium MuiButton-colorPrimary uploadProcessMetadataButton css-1uent87-MuiButtonBase-root-MuiButton-root"
      tabindex="0"
      type="button"
    >
      Save
    </button>
    <button
      class="MuiButtonBase-root MuiButton-root MuiButton-text MuiButton-textPrimary MuiButton-sizeMedium MuiButton-textSizeMedium MuiButton-colorPrimary MuiButton-root MuiButton-text MuiButton-textPrimary MuiButton-sizeMedium MuiButton-textSizeMedium MuiButton-colorPrimary css-1uent87-MuiButtonBase-root-MuiButton-root"
      tabindex="0"
      type="button"
    >
      Cancel
    </button>
  </div>
</DocumentFragment>
`;

exports[`DatastreamProcessMetadataContent handles errors that occur during PID cloning 1`] = `
<DocumentFragment>
  <div
    class="MuiDialogContent-root css-kw13he-MuiDialogContent-root"
  >
    Digital ProvenanceTab: EditorTab: Clone
    <div
      style="display: block;"
    >
      Process Label
      <div
        class="MuiInputBase-root MuiOutlinedInput-root MuiInputBase-colorPrimary css-quhxjy-MuiInputBase-root-MuiOutlinedInput-root"
      >
        <input
          class="MuiInputBase-input MuiOutlinedInput-input css-16wblaj-MuiInputBase-input-MuiOutlinedInput-input"
          id="_r_u_"
          type="text"
          value=""
        />
        <fieldset
          aria-hidden="true"
          class="MuiOutlinedInput-notchedOutline css-18p5xg2-MuiNotchedOutlined-root-MuiOutlinedInput-notchedOutline"
        >
          <legend
            class="css-1n64csd-MuiNotchedOutlined-root"
          >
            <span>
              Process Label
            </span>
          </legend>
        </fieldset>
      </div>
      Process Creator
      <div
        class="MuiInputBase-root MuiOutlinedInput-root MuiInputBase-colorPrimary css-quhxjy-MuiInputBase-root-MuiOutlinedInput-root"
      >
        <input
          class="MuiInputBase-input MuiOutlinedInput-input css-16wblaj-MuiInputBase-input-MuiOutlinedInput-input"
          id="_r_v_"
          type="text"
          value=""
        />
        <fieldset
          aria-hidden="true"
          class="MuiOutlinedInput-notchedOutline css-18p5xg2-MuiNotchedOutlined-root-MuiOutlinedInput-notchedOutline"
        >
          <legend
            class="css-1n64csd-MuiNotchedOutlined-root"
          >
            <span>
              Process Creator
            </span>
          </legend>
        </fieldset>
      </div>
      LocalizationProviderProcess Organization
      <div
        class="MuiInputBase-root MuiOutlinedInput-root MuiInputBase-colorPrimary css-quhxjy-MuiInputBase-root-MuiOutlinedInput-root"
      >
        <input
          class="MuiInputBase-input MuiOutlinedInput-input css-16wblaj-MuiInputBase-input-MuiOutlinedInput-input"
          id="_r_10_"
          type="text"
          value=""
        />
        <fieldset
          aria-hidden="true"
          class="MuiOutlinedInput-notchedOutline css-18p5xg2-MuiNotchedOutlined-root-MuiOutlinedInput-notchedOutline"
        >
          <legend
            class="css-1n64csd-MuiNotchedOutlined-root"
          >
            <span>
              Process Organization
            </span>
          </legend>
        </fieldset>
      </div>
      <button>
        Add Task
      </button>
    </div>
    <div
      style="display: none;"
    >
      <div>
        PidPicker: {"selected":""}
      </div>
    </div>
  </div>
  <div
    class="MuiDialogActions-root MuiDialogActions-spacing css-15fu35s-MuiDialogActions-root"
  >
    <button
      class="MuiButtonBase-root MuiButton-root MuiButton-text MuiButton-textPrimary MuiButton-sizeMedium MuiButton-textSizeMedium MuiButton-colorPrimary MuiButton-root MuiButton-text MuiButton-textPrimary MuiButton-sizeMedium MuiButton-textSizeMedium MuiButton-colorPrimary uploadProcessMetadataButton css-1uent87-MuiButtonBase-root-MuiButton-root"
      tabindex="0"
      type="button"
    >
      Save
    </button>
    <button
      class="MuiButtonBase-root MuiButton-root MuiButton-text MuiButton-textPrimary MuiButton-sizeMedium MuiButton-textSizeMedium MuiButton-colorPrimary MuiButton-root MuiButton-text MuiButton-textPrimary MuiButton-sizeMedium MuiButton-textSizeMedium MuiButton-colorPrimary css-1uent87-MuiButtonBase-root-MuiButton-root"
      tabindex="0"
      type="button"
    >
      Cancel
    </button>
  </div>
</DocumentFragment>
`;

exports[`DatastreamProcessMetadataContent has a working save button 1`] = `
<DocumentFragment>
  <div
    class="MuiDialogContent-root css-kw13he-MuiDialogContent-root"
  >
    Digital ProvenanceTab: EditorTab: Clone
    <div
      style="display: block;"
    >
      Process Label
      <div
        class="MuiInputBase-root MuiOutlinedInput-root MuiInputBase-colorPrimary css-quhxjy-MuiInputBase-root-MuiOutlinedInput-root"
      >
        <input
          class="MuiInputBase-input MuiOutlinedInput-input css-16wblaj-MuiInputBase-input-MuiOutlinedInput-input"
          id="_r_k_"
          type="text"
          value=""
        />
        <fieldset
          aria-hidden="true"
          class="MuiOutlinedInput-notchedOutline css-18p5xg2-MuiNotchedOutlined-root-MuiOutlinedInput-notchedOutline"
        >
          <legend
            class="css-1n64csd-MuiNotchedOutlined-root"
          >
            <span>
              Process Label
            </span>
          </legend>
        </fieldset>
      </div>
      Process Creator
      <div
        class="MuiInputBase-root MuiOutlinedInput-root MuiInputBase-colorPrimary css-quhxjy-MuiInputBase-root-MuiOutlinedInput-root"
      >
        <input
          class="MuiInputBase-input MuiOutlinedInput-input css-16wblaj-MuiInputBase-input-MuiOutlinedInput-input"
          id="_r_l_"
          type="text"
          value=""
        />
        <fieldset
          aria-hidden="true"
          class="MuiOutlinedInput-notchedOutline css-18p5xg2-MuiNotchedOutlined-root-MuiOutlinedInput-notchedOutline"
        >
          <legend
            class="css-1n64csd-MuiNotchedOutlined-root"
          >
            <span>
              Process Creator
            </span>
          </legend>
        </fieldset>
      </div>
      LocalizationProviderProcess Organization
      <div
        class="MuiInputBase-root MuiOutlinedInput-root MuiInputBase-colorPrimary css-quhxjy-MuiInputBase-root-MuiOutlinedInput-root"
      >
        <input
          class="MuiInputBase-input MuiOutlinedInput-input css-16wblaj-MuiInputBase-input-MuiOutlinedInput-input"
          id="_r_m_"
          type="text"
          value=""
        />
        <fieldset
          aria-hidden="true"
          class="MuiOutlinedInput-notchedOutline css-18p5xg2-MuiNotchedOutlined-root-MuiOutlinedInput-notchedOutline"
        >
          <legend
            class="css-1n64csd-MuiNotchedOutlined-root"
          >
            <span>
              Process Organization
            </span>
          </legend>
        </fieldset>
      </div>
      <button>
        Add Task
      </button>
    </div>
    <div
      style="display: none;"
    >
      <div>
        PidPicker: {"selected":""}
      </div>
    </div>
  </div>
  <div
    class="MuiDialogActions-root MuiDialogActions-spacing css-15fu35s-MuiDialogActions-root"
  >
    <button
      class="MuiButtonBase-root MuiButton-root MuiButton-text MuiButton-textPrimary MuiButton-sizeMedium MuiButton-textSizeMedium MuiButton-colorPrimary MuiButton-root MuiButton-text MuiButton-textPrimary MuiButton-sizeMedium MuiButton-textSizeMedium MuiButton-colorPrimary uploadProcessMetadataButton css-1uent87-MuiButtonBase-root-MuiButton-root"
      tabindex="0"
      type="button"
    >
      Save
    </button>
    <button
      class="MuiButtonBase-root MuiButton-root MuiButton-text MuiButton-textPrimary MuiButton-sizeMedium MuiButton-textSizeMedium MuiButton-colorPrimary MuiButton-root MuiButton-text MuiButton-textPrimary MuiButton-sizeMedium MuiButton-textSizeMedium MuiButton-colorPrimary css-1uent87-MuiButtonBase-root-MuiButton-root"
      tabindex="0"
      type="button"
    >
      Cancel
    </button>
  </div>
</DocumentFragment>
`;

exports[`DatastreamProcessMetadataContent ignores empty PIDs in clone input 1`] = `
<DocumentFragment>
  <div
    class="MuiDialogContent-root css-kw13he-MuiDialogContent-root"
  >
    Digital ProvenanceTab: EditorTab: Clone
    <div
      style="display: block;"
    >
      Process Label
      <div
        class="MuiInputBase-root MuiOutlinedInput-root MuiInputBase-colorPrimary css-quhxjy-MuiInputBase-root-MuiOutlinedInput-root"
      >
        <input
          class="MuiInputBase-input MuiOutlinedInput-input css-16wblaj-MuiInputBase-input-MuiOutlinedInput-input"
          id="_r_p_"
          type="text"
          value=""
        />
        <fieldset
          aria-hidden="true"
          class="MuiOutlinedInput-notchedOutline css-18p5xg2-MuiNotchedOutlined-root-MuiOutlinedInput-notchedOutline"
        >
          <legend
            class="css-1n64csd-MuiNotchedOutlined-root"
          >
            <span>
              Process Label
            </span>
          </legend>
        </fieldset>
      </div>
      Process Creator
      <div
        class="MuiInputBase-root MuiOutlinedInput-root MuiInputBase-colorPrimary css-quhxjy-MuiInputBase-root-MuiOutlinedInput-root"
      >
        <input
          class="MuiInputBase-input MuiOutlinedInput-input css-16wblaj-MuiInputBase-input-MuiOutlinedInput-input"
          id="_r_q_"
          type="text"
          value=""
        />
        <fieldset
          aria-hidden="true"
          class="MuiOutlinedInput-notchedOutline css-18p5xg2-MuiNotchedOutlined-root-MuiOutlinedInput-notchedOutline"
        >
          <legend
            class="css-1n64csd-MuiNotchedOutlined-root"
          >
            <span>
              Process Creator
            </span>
          </legend>
        </fieldset>
      </div>
      LocalizationProviderProcess Organization
      <div
        class="MuiInputBase-root MuiOutlinedInput-root MuiInputBase-colorPrimary css-quhxjy-MuiInputBase-root-MuiOutlinedInput-root"
      >
        <input
          class="MuiInputBase-input MuiOutlinedInput-input css-16wblaj-MuiInputBase-input-MuiOutlinedInput-input"
          id="_r_r_"
          type="text"
          value=""
        />
        <fieldset
          aria-hidden="true"
          class="MuiOutlinedInput-notchedOutline css-18p5xg2-MuiNotchedOutlined-root-MuiOutlinedInput-notchedOutline"
        >
          <legend
            class="css-1n64csd-MuiNotchedOutlined-root"
          >
            <span>
              Process Organization
            </span>
          </legend>
        </fieldset>
      </div>
      <button>
        Add Task
      </button>
    </div>
    <div
      style="display: none;"
    >
      <div>
        PidPicker: {"selected":""}
      </div>
    </div>
  </div>
  <div
    class="MuiDialogActions-root MuiDialogActions-spacing css-15fu35s-MuiDialogActions-root"
  >
    <button
      class="MuiButtonBase-root MuiButton-root MuiButton-text MuiButton-textPrimary MuiButton-sizeMedium MuiButton-textSizeMedium MuiButton-colorPrimary MuiButton-root MuiButton-text MuiButton-textPrimary MuiButton-sizeMedium MuiButton-textSizeMedium MuiButton-colorPrimary uploadProcessMetadataButton css-1uent87-MuiButtonBase-root-MuiButton-root"
      tabindex="0"
      type="button"
    >
      Save
    </button>
    <button
      class="MuiButtonBase-root MuiButton-root MuiButton-text MuiButton-textPrimary MuiButton-sizeMedium MuiButton-textSizeMedium MuiButton-colorPrimary MuiButton-root MuiButton-text MuiButton-textPrimary MuiButton-sizeMedium MuiButton-textSizeMedium MuiButton-colorPrimary css-1uent87-MuiButtonBase-root-MuiButton-root"
      tabindex="0"
      type="button"
    >
      Cancel
    </button>
  </div>
</DocumentFragment>
`;

exports[`DatastreamProcessMetadataContent renders a form when empty data is loaded 1`] = `
<DocumentFragment>
  <div
    class="MuiDialogContent-root css-kw13he-MuiDialogContent-root"
  >
    Digital ProvenanceTab: EditorTab: Clone
    <div
      style="display: block;"
    >
      Process Label
      <div
        class="MuiInputBase-root MuiOutlinedInput-root MuiInputBase-colorPrimary css-quhxjy-MuiInputBase-root-MuiOutlinedInput-root"
      >
        <input
          class="MuiInputBase-input MuiOutlinedInput-input css-16wblaj-MuiInputBase-input-MuiOutlinedInput-input"
          id="_r_5_"
          type="text"
          value=""
        />
        <fieldset
          aria-hidden="true"
          class="MuiOutlinedInput-notchedOutline css-18p5xg2-MuiNotchedOutlined-root-MuiOutlinedInput-notchedOutline"
        >
          <legend
            class="css-1n64csd-MuiNotchedOutlined-root"
          >
            <span>
              Process Label
            </span>
          </legend>
        </fieldset>
      </div>
      Process Creator
      <div
        class="MuiInputBase-root MuiOutlinedInput-root MuiInputBase-colorPrimary css-quhxjy-MuiInputBase-root-MuiOutlinedInput-root"
      >
        <input
          class="MuiInputBase-input MuiOutlinedInput-input css-16wblaj-MuiInputBase-input-MuiOutlinedInput-input"
          id="_r_6_"
          type="text"
          value=""
        />
        <fieldset
          aria-hidden="true"
          class="MuiOutlinedInput-notchedOutline css-18p5xg2-MuiNotchedOutlined-root-MuiOutlinedInput-notchedOutline"
        >
          <legend
            class="css-1n64csd-MuiNotchedOutlined-root"
          >
            <span>
              Process Creator
            </span>
          </legend>
        </fieldset>
      </div>
      LocalizationProviderProcess Organization
      <div
        class="MuiInputBase-root MuiOutlinedInput-root MuiInputBase-colorPrimary css-quhxjy-MuiInputBase-root-MuiOutlinedInput-root"
      >
        <input
          class="MuiInputBase-input MuiOutlinedInput-input css-16wblaj-MuiInputBase-input-MuiOutlinedInput-input"
          id="_r_7_"
          type="text"
          value=""
        />
        <fieldset
          aria-hidden="true"
          class="MuiOutlinedInput-notchedOutline css-18p5xg2-MuiNotchedOutlined-root-MuiOutlinedInput-notchedOutline"
        >
          <legend
            class="css-1n64csd-MuiNotchedOutlined-root"
          >
            <span>
              Process Organization
            </span>
          </legend>
        </fieldset>
      </div>
      <button>
        Add Task
      </button>
    </div>
    <div
      style="display: none;"
    >
      <div>
        PidPicker: {"selected":""}
      </div>
    </div>
  </div>
  <div
    class="MuiDialogActions-root MuiDialogActions-spacing css-15fu35s-MuiDialogActions-root"
  >
    <button
      class="MuiButtonBase-root MuiButton-root MuiButton-text MuiButton-textPrimary MuiButton-sizeMedium MuiButton-textSizeMedium MuiButton-colorPrimary MuiButton-root MuiButton-text MuiButton-textPrimary MuiButton-sizeMedium MuiButton-textSizeMedium MuiButton-colorPrimary uploadProcessMetadataButton css-1uent87-MuiButtonBase-root-MuiButton-root"
      tabindex="0"
      type="button"
    >
      Save
    </button>
    <button
      class="MuiButtonBase-root MuiButton-root MuiButton-text MuiButton-textPrimary MuiButton-sizeMedium MuiButton-textSizeMedium MuiButton-colorPrimary MuiButton-root MuiButton-text MuiButton-textPrimary MuiButton-sizeMedium MuiButton-textSizeMedium MuiButton-colorPrimary css-1uent87-MuiButtonBase-root-MuiButton-root"
      tabindex="0"
      type="button"
    >
      Cancel
    </button>
  </div>
</DocumentFragment>
`;

exports[`DatastreamProcessMetadataContent renders a form when non-empty data is loaded 1`] = `
<DocumentFragment>
  <div
    class="MuiDialogContent-root css-kw13he-MuiDialogContent-root"
  >
    Digital ProvenanceTab: EditorTab: Clone
    <div
      style="display: block;"
    >
      Process Label
      <div
        class="MuiInputBase-root MuiOutlinedInput-root MuiInputBase-colorPrimary css-quhxjy-MuiInputBase-root-MuiOutlinedInput-root"
      >
        <input
          class="MuiInputBase-input MuiOutlinedInput-input css-16wblaj-MuiInputBase-input-MuiOutlinedInput-input"
          id="_r_f_"
          type="text"
          value="label"
        />
        <fieldset
          aria-hidden="true"
          class="MuiOutlinedInput-notchedOutline css-18p5xg2-MuiNotchedOutlined-root-MuiOutlinedInput-notchedOutline"
        >
          <legend
            class="css-1n64csd-MuiNotchedOutlined-root"
          >
            <span>
              Process Label
            </span>
          </legend>
        </fieldset>
      </div>
      Process Creator
      <div
        class="MuiInputBase-root MuiOutlinedInput-root MuiInputBase-colorPrimary css-quhxjy-MuiInputBase-root-MuiOutlinedInput-root"
      >
        <input
          class="MuiInputBase-input MuiOutlinedInput-input css-16wblaj-MuiInputBase-input-MuiOutlinedInput-input"
          id="_r_g_"
          type="text"
          value="creator"
        />
        <fieldset
          aria-hidden="true"
          class="MuiOutlinedInput-notchedOutline css-18p5xg2-MuiNotchedOutlined-root-MuiOutlinedInput-notchedOutline"
        >
          <legend
            class="css-1n64csd-MuiNotchedOutlined-root"
          >
            <span>
              Process Creator
            </span>
          </legend>
        </fieldset>
      </div>
      LocalizationProviderProcess Organization
      <div
        class="MuiInputBase-root MuiOutlinedInput-root MuiInputBase-colorPrimary css-quhxjy-MuiInputBase-root-MuiOutlinedInput-root"
      >
        <input
          class="MuiInputBase-input MuiOutlinedInput-input css-16wblaj-MuiInputBase-input-MuiOutlinedInput-input"
          id="_r_h_"
          type="text"
          value="organization"
        />
        <fieldset
          aria-hidden="true"
          class="MuiOutlinedInput-notchedOutline css-18p5xg2-MuiNotchedOutlined-root-MuiOutlinedInput-notchedOutline"
        >
          <legend
            class="css-1n64csd-MuiNotchedOutlined-root"
          >
            <span>
              Process Organization
            </span>
          </legend>
        </fieldset>
      </div>
    </div>
    <div
      style="display: none;"
    >
      <div>
        PidPicker: {"selected":""}
      </div>
    </div>
  </div>
  <div
    class="MuiDialogActions-root MuiDialogActions-spacing css-15fu35s-MuiDialogActions-root"
  >
    <button
      class="MuiButtonBase-root MuiButton-root MuiButton-text MuiButton-textPrimary MuiButton-sizeMedium MuiButton-textSizeMedium MuiButton-colorPrimary MuiButton-root MuiButton-text MuiButton-textPrimary MuiButton-sizeMedium MuiButton-textSizeMedium MuiButton-colorPrimary uploadProcessMetadataButton css-1uent87-MuiButtonBase-root-MuiButton-root"
      tabindex="0"
      type="button"
    >
      Save
    </button>
    <button
      class="MuiButtonBase-root MuiButton-root MuiButton-text MuiButton-textPrimary MuiButton-sizeMedium MuiButton-textSizeMedium MuiButton-colorPrimary MuiButton-root MuiButton-text MuiButton-textPrimary MuiButton-sizeMedium MuiButton-textSizeMedium MuiButton-colorPrimary css-1uent87-MuiButtonBase-root-MuiButton-root"
      tabindex="0"
      type="button"
    >
      Cancel
    </button>
  </div>
</DocumentFragment>
`;

exports[`DatastreamProcessMetadataContent renders a loading message if content is unavailable 1`] = `
<DocumentFragment>
  <div
    class="MuiDialogContent-root css-kw13he-MuiDialogContent-root"
  >
    Digital ProvenanceTab: EditorTab: Clone
    <div
      style="display: block;"
    >
      Process Label
      <div
        class="MuiInputBase-root MuiOutlinedInput-root MuiInputBase-colorPrimary css-quhxjy-MuiInputBase-root-MuiOutlinedInput-root"
      >
        <input
          class="MuiInputBase-input MuiOutlinedInput-input css-16wblaj-MuiInputBase-input-MuiOutlinedInput-input"
          id="_r_0_"
          type="text"
          value=""
        />
        <fieldset
          aria-hidden="true"
          class="MuiOutlinedInput-notchedOutline css-18p5xg2-MuiNotchedOutlined-root-MuiOutlinedInput-notchedOutline"
        >
          <legend
            class="css-1n64csd-MuiNotchedOutlined-root"
          >
            <span>
              Process Label
            </span>
          </legend>
        </fieldset>
      </div>
      Process Creator
      <div
        class="MuiInputBase-root MuiOutlinedInput-root MuiInputBase-colorPrimary css-quhxjy-MuiInputBase-root-MuiOutlinedInput-root"
      >
        <input
          class="MuiInputBase-input MuiOutlinedInput-input css-16wblaj-MuiInputBase-input-MuiOutlinedInput-input"
          id="_r_1_"
          type="text"
          value=""
        />
        <fieldset
          aria-hidden="true"
          class="MuiOutlinedInput-notchedOutline css-18p5xg2-MuiNotchedOutlined-root-MuiOutlinedInput-notchedOutline"
        >
          <legend
            class="css-1n64csd-MuiNotchedOutlined-root"
          >
            <span>
              Process Creator
            </span>
          </legend>
        </fieldset>
      </div>
      LocalizationProviderProcess Organization
      <div
        class="MuiInputBase-root MuiOutlinedInput-root MuiInputBase-colorPrimary css-quhxjy-MuiInputBase-root-MuiOutlinedInput-root"
      >
        <input
          class="MuiInputBase-input MuiOutlinedInput-input css-16wblaj-MuiInputBase-input-MuiOutlinedInput-input"
          id="_r_2_"
          type="text"
          value=""
        />
        <fieldset
          aria-hidden="true"
          class="MuiOutlinedInput-notchedOutline css-18p5xg2-MuiNotchedOutlined-root-MuiOutlinedInput-notchedOutline"
        >
          <legend
            class="css-1n64csd-MuiNotchedOutlined-root"
          >
            <span>
              Process Organization
            </span>
          </legend>
        </fieldset>
      </div>
      <button>
        Add Task
      </button>
    </div>
    <div
      style="display: none;"
    >
      <div>
        PidPicker: {"selected":""}
      </div>
    </div>
  </div>
  <div
    class="MuiDialogActions-root MuiDialogActions-spacing css-15fu35s-MuiDialogActions-root"
  >
    <button
      class="MuiButtonBase-root MuiButton-root MuiButton-text MuiButton-textPrimary MuiButton-sizeMedium MuiButton-textSizeMedium MuiButton-colorPrimary MuiButton-root MuiButton-text MuiButton-textPrimary MuiButton-sizeMedium MuiButton-textSizeMedium MuiButton-colorPrimary uploadProcessMetadataButton css-1uent87-MuiButtonBase-root-MuiButton-root"
      tabindex="0"
      type="button"
    >
      Save
    </button>
    <button
      class="MuiButtonBase-root MuiButton-root MuiButton-text MuiButton-textPrimary MuiButton-sizeMedium MuiButton-textSizeMedium MuiButton-colorPrimary MuiButton-root MuiButton-text MuiButton-textPrimary MuiButton-sizeMedium MuiButton-textSizeMedium MuiButton-colorPrimary css-1uent87-MuiButtonBase-root-MuiButton-root"
      tabindex="0"
      type="button"
    >
      Cancel
    </button>
  </div>
</DocumentFragment>
`;

exports[`DatastreamProcessMetadataContent supports adding tasks 1`] = `
<DocumentFragment>
  <div
    class="MuiDialogContent-root css-kw13he-MuiDialogContent-root"
  >
    Digital ProvenanceTab: EditorTab: Clone
    <div
      style="display: block;"
    >
      Process Label
      <div
        class="MuiInputBase-root MuiOutlinedInput-root MuiInputBase-colorPrimary css-quhxjy-MuiInputBase-root-MuiOutlinedInput-root"
      >
        <input
          class="MuiInputBase-input MuiOutlinedInput-input css-16wblaj-MuiInputBase-input-MuiOutlinedInput-input"
          id="_r_1s_"
          type="text"
          value=""
        />
        <fieldset
          aria-hidden="true"
          class="MuiOutlinedInput-notchedOutline css-18p5xg2-MuiNotchedOutlined-root-MuiOutlinedInput-notchedOutline"
        >
          <legend
            class="css-1n64csd-MuiNotchedOutlined-root"
          >
            <span>
              Process Label
            </span>
          </legend>
        </fieldset>
      </div>
      Process Creator
      <div
        class="MuiInputBase-root MuiOutlinedInput-root MuiInputBase-colorPrimary css-quhxjy-MuiInputBase-root-MuiOutlinedInput-root"
      >
        <input
          class="MuiInputBase-input MuiOutlinedInput-input css-16wblaj-MuiInputBase-input-MuiOutlinedInput-input"
          id="_r_1t_"
          type="text"
          value=""
        />
        <fieldset
          aria-hidden="true"
          class="MuiOutlinedInput-notchedOutline css-18p5xg2-MuiNotchedOutlined-root-MuiOutlinedInput-notchedOutline"
        >
          <legend
            class="css-1n64csd-MuiNotchedOutlined-root"
          >
            <span>
              Process Creator
            </span>
          </legend>
        </fieldset>
      </div>
      LocalizationProviderProcess Organization
      <div
        class="MuiInputBase-root MuiOutlinedInput-root MuiInputBase-colorPrimary css-quhxjy-MuiInputBase-root-MuiOutlinedInput-root"
      >
        <input
          class="MuiInputBase-input MuiOutlinedInput-input css-16wblaj-MuiInputBase-input-MuiOutlinedInput-input"
          id="_r_1u_"
          type="text"
          value=""
        />
        <fieldset
          aria-hidden="true"
          class="MuiOutlinedInput-notchedOutline css-18p5xg2-MuiNotchedOutlined-root-MuiOutlinedInput-notchedOutline"
        >
          <legend
            class="css-1n64csd-MuiNotchedOutlined-root"
          >
            <span>
              Process Organization
            </span>
          </legend>
        </fieldset>
      </div>
    </div>
    <div
      style="display: none;"
    >
      <div>
        PidPicker: {"selected":""}
      </div>
    </div>
  </div>
  <div
    class="MuiDialogActions-root MuiDialogActions-spacing css-15fu35s-MuiDialogActions-root"
  >
    <button
      class="MuiButtonBase-root MuiButton-root MuiButton-text MuiButton-textPrimary MuiButton-sizeMedium MuiButton-textSizeMedium MuiButton-colorPrimary MuiButton-root MuiButton-text MuiButton-textPrimary MuiButton-sizeMedium MuiButton-textSizeMedium MuiButton-colorPrimary uploadProcessMetadataButton css-1uent87-MuiButtonBase-root-MuiButton-root"
      tabindex="0"
      type="button"
    >
      Save
    </button>
    <button
      class="MuiButtonBase-root MuiButton-root MuiButton-text MuiButton-textPrimary MuiButton-sizeMedium MuiButton-textSizeMedium MuiButton-colorPrimary MuiButton-root MuiButton-text MuiButton-textPrimary MuiButton-sizeMedium MuiButton-textSizeMedium MuiButton-colorPrimary css-1uent87-MuiButtonBase-root-MuiButton-root"
      tabindex="0"
      type="button"
    >
      Cancel
    </button>
  </div>
</DocumentFragment>
`;

exports[`DatastreamProcessMetadataContent supports deleting tasks 1`] = `
<DocumentFragment>
  <div
    class="MuiDialogContent-root css-kw13he-MuiDialogContent-root"
  >
    Digital ProvenanceTab: EditorTab: Clone
    <div
      style="display: block;"
    >
      Process Label
      <div
        class="MuiInputBase-root MuiOutlinedInput-root MuiInputBase-colorPrimary css-quhxjy-MuiInputBase-root-MuiOutlinedInput-root"
      >
        <input
          class="MuiInputBase-input MuiOutlinedInput-input css-16wblaj-MuiInputBase-input-MuiOutlinedInput-input"
          id="_r_21_"
          type="text"
          value=""
        />
        <fieldset
          aria-hidden="true"
          class="MuiOutlinedInput-notchedOutline css-18p5xg2-MuiNotchedOutlined-root-MuiOutlinedInput-notchedOutline"
        >
          <legend
            class="css-1n64csd-MuiNotchedOutlined-root"
          >
            <span>
              Process Label
            </span>
          </legend>
        </fieldset>
      </div>
      Process Creator
      <div
        class="MuiInputBase-root MuiOutlinedInput-root MuiInputBase-colorPrimary css-quhxjy-MuiInputBase-root-MuiOutlinedInput-root"
      >
        <input
          class="MuiInputBase-input MuiOutlinedInput-input css-16wblaj-MuiInputBase-input-MuiOutlinedInput-input"
          id="_r_22_"
          type="text"
          value=""
        />
        <fieldset
          aria-hidden="true"
          class="MuiOutlinedInput-notchedOutline css-18p5xg2-MuiNotchedOutlined-root-MuiOutlinedInput-notchedOutline"
        >
          <legend
            class="css-1n64csd-MuiNotchedOutlined-root"
          >
            <span>
              Process Creator
            </span>
          </legend>
        </fieldset>
      </div>
      LocalizationProviderProcess Organization
      <div
        class="MuiInputBase-root MuiOutlinedInput-root MuiInputBase-colorPrimary css-quhxjy-MuiInputBase-root-MuiOutlinedInput-root"
      >
        <input
          class="MuiInputBase-input MuiOutlinedInput-input css-16wblaj-MuiInputBase-input-MuiOutlinedInput-input"
          id="_r_23_"
          type="text"
          value=""
        />
        <fieldset
          aria-hidden="true"
          class="MuiOutlinedInput-notchedOutline css-18p5xg2-MuiNotchedOutlined-root-MuiOutlinedInput-notchedOutline"
        >
          <legend
            class="css-1n64csd-MuiNotchedOutlined-root"
          >
            <span>
              Process Organization
            </span>
          </legend>
        </fieldset>
      </div>
    </div>
    <div
      style="display: none;"
    >
      <div>
        PidPicker: {"selected":""}
      </div>
    </div>
  </div>
  <div
    class="MuiDialogActions-root MuiDialogActions-spacing css-15fu35s-MuiDialogActions-root"
  >
    <button
      class="MuiButtonBase-root MuiButton-root MuiButton-text MuiButton-textPrimary MuiButton-sizeMedium MuiButton-textSizeMedium MuiButton-colorPrimary MuiButton-root MuiButton-text MuiButton-textPrimary MuiButton-sizeMedium MuiButton-textSizeMedium MuiButton-colorPrimary uploadProcessMetadataButton css-1uent87-MuiButtonBase-root-MuiButton-root"
      tabindex="0"
      type="button"
    >
      Save
    </button>
    <button
      class="MuiButtonBase-root MuiButton-root MuiButton-text MuiButton-textPrimary MuiButton-sizeMedium MuiButton-textSizeMedium MuiButton-colorPrimary MuiButton-root MuiButton-text MuiButton-textPrimary MuiButton-sizeMedium MuiButton-textSizeMedium MuiButton-colorPrimary css-1uent87-MuiButtonBase-root-MuiButton-root"
      tabindex="0"
      type="button"
    >
      Cancel
    </button>
  </div>
</DocumentFragment>
`;

exports[`DatastreamProcessMetadataContent supports loading PID data into storage after selection for cloning 1`] = `
<DocumentFragment>
  <div
    class="MuiDialogContent-root css-kw13he-MuiDialogContent-root"
  >
    Digital ProvenanceTab: EditorTab: Clone
    <div
      style="display: block;"
    >
      Process Label
      <div
        class="MuiInputBase-root MuiOutlinedInput-root MuiInputBase-colorPrimary css-quhxjy-MuiInputBase-root-MuiOutlinedInput-root"
      >
        <input
          class="MuiInputBase-input MuiOutlinedInput-input css-16wblaj-MuiInputBase-input-MuiOutlinedInput-input"
          id="_r_13_"
          type="text"
          value=""
        />
        <fieldset
          aria-hidden="true"
          class="MuiOutlinedInput-notchedOutline css-18p5xg2-MuiNotchedOutlined-root-MuiOutlinedInput-notchedOutline"
        >
          <legend
            class="css-1n64csd-MuiNotchedOutlined-root"
          >
            <span>
              Process Label
            </span>
          </legend>
        </fieldset>
      </div>
      Process Creator
      <div
        class="MuiInputBase-root MuiOutlinedInput-root MuiInputBase-colorPrimary css-quhxjy-MuiInputBase-root-MuiOutlinedInput-root"
      >
        <input
          class="MuiInputBase-input MuiOutlinedInput-input css-16wblaj-MuiInputBase-input-MuiOutlinedInput-input"
          id="_r_14_"
          type="text"
          value=""
        />
        <fieldset
          aria-hidden="true"
          class="MuiOutlinedInput-notchedOutline css-18p5xg2-MuiNotchedOutlined-root-MuiOutlinedInput-notchedOutline"
        >
          <legend
            class="css-1n64csd-MuiNotchedOutlined-root"
          >
            <span>
              Process Creator
            </span>
          </legend>
        </fieldset>
      </div>
      LocalizationProviderProcess Organization
      <div
        class="MuiInputBase-root MuiOutlinedInput-root MuiInputBase-colorPrimary css-quhxjy-MuiInputBase-root-MuiOutlinedInput-root"
      >
        <input
          class="MuiInputBase-input MuiOutlinedInput-input css-16wblaj-MuiInputBase-input-MuiOutlinedInput-input"
          id="_r_15_"
          type="text"
          value=""
        />
        <fieldset
          aria-hidden="true"
          class="MuiOutlinedInput-notchedOutline css-18p5xg2-MuiNotchedOutlined-root-MuiOutlinedInput-notchedOutline"
        >
          <legend
            class="css-1n64csd-MuiNotchedOutlined-root"
          >
            <span>
              Process Organization
            </span>
          </legend>
        </fieldset>
      </div>
      <button>
        Add Task
      </button>
    </div>
    <div
      style="display: none;"
    >
      <div>
        PidPicker: {"selected":""}
      </div>
    </div>
  </div>
  <div
    class="MuiDialogActions-root MuiDialogActions-spacing css-15fu35s-MuiDialogActions-root"
  >
    <button
      class="MuiButtonBase-root MuiButton-root MuiButton-text MuiButton-textPrimary MuiButton-sizeMedium MuiButton-textSizeMedium MuiButton-colorPrimary MuiButton-root MuiButton-text MuiButton-textPrimary MuiButton-sizeMedium MuiButton-textSizeMedium MuiButton-colorPrimary uploadProcessMetadataButton css-1uent87-MuiButtonBase-root-MuiButton-root"
      tabindex="0"
      type="button"
    >
      Save
    </button>
    <button
      class="MuiButtonBase-root MuiButton-root MuiButton-text MuiButton-textPrimary MuiButton-sizeMedium MuiButton-textSizeMedium MuiButton-colorPrimary MuiButton-root MuiButton-text MuiButton-textPrimary MuiButton-sizeMedium MuiButton-textSizeMedium MuiButton-colorPrimary css-1uent87-MuiButtonBase-root-MuiButton-root"
      tabindex="0"
      type="button"
    >
      Cancel
    </button>
  </div>
</DocumentFragment>
`;

exports[`DatastreamProcessMetadataContent supports tab switching 1`] = `
<DocumentFragment>
  <div
    class="MuiDialogContent-root css-kw13he-MuiDialogContent-root"
  >
    Digital ProvenanceTab: EditorTab: Clone
    <div
      style="display: block;"
    >
      Process Label
      <div
        class="MuiInputBase-root MuiOutlinedInput-root MuiInputBase-colorPrimary css-quhxjy-MuiInputBase-root-MuiOutlinedInput-root"
      >
        <input
          class="MuiInputBase-input MuiOutlinedInput-input css-16wblaj-MuiInputBase-input-MuiOutlinedInput-input"
          id="_r_a_"
          type="text"
          value=""
        />
        <fieldset
          aria-hidden="true"
          class="MuiOutlinedInput-notchedOutline css-18p5xg2-MuiNotchedOutlined-root-MuiOutlinedInput-notchedOutline"
        >
          <legend
            class="css-1n64csd-MuiNotchedOutlined-root"
          >
            <span>
              Process Label
            </span>
          </legend>
        </fieldset>
      </div>
      Process Creator
      <div
        class="MuiInputBase-root MuiOutlinedInput-root MuiInputBase-colorPrimary css-quhxjy-MuiInputBase-root-MuiOutlinedInput-root"
      >
        <input
          class="MuiInputBase-input MuiOutlinedInput-input css-16wblaj-MuiInputBase-input-MuiOutlinedInput-input"
          id="_r_b_"
          type="text"
          value=""
        />
        <fieldset
          aria-hidden="true"
          class="MuiOutlinedInput-notchedOutline css-18p5xg2-MuiNotchedOutlined-root-MuiOutlinedInput-notchedOutline"
        >
          <legend
            class="css-1n64csd-MuiNotchedOutlined-root"
          >
            <span>
              Process Creator
            </span>
          </legend>
        </fieldset>
      </div>
      LocalizationProviderProcess Organization
      <div
        class="MuiInputBase-root MuiOutlinedInput-root MuiInputBase-colorPrimary css-quhxjy-MuiInputBase-root-MuiOutlinedInput-root"
      >
        <input
          class="MuiInputBase-input MuiOutlinedInput-input css-16wblaj-MuiInputBase-input-MuiOutlinedInput-input"
          id="_r_c_"
          type="text"
          value=""
        />
        <fieldset
          aria-hidden="true"
          class="MuiOutlinedInput-notchedOutline css-18p5xg2-MuiNotchedOutlined-root-MuiOutlinedInput-notchedOutline"
        >
          <legend
            class="css-1n64csd-MuiNotchedOutlined-root"
          >
            <span>
              Process Organization
            </span>
          </legend>
        </fieldset>
      </div>
      <button>
        Add Task
      </button>
    </div>
    <div
      style="display: none;"
    >
      <div>
        PidPicker: {"selected":""}
      </div>
    </div>
  </div>
  <div
    class="MuiDialogActions-root MuiDialogActions-spacing css-15fu35s-MuiDialogActions-root"
  >
    <button
      class="MuiButtonBase-root MuiButton-root MuiButton-text MuiButton-textPrimary MuiButton-sizeMedium MuiButton-textSizeMedium MuiButton-colorPrimary MuiButton-root MuiButton-text MuiButton-textPrimary MuiButton-sizeMedium MuiButton-textSizeMedium MuiButton-colorPrimary uploadProcessMetadataButton css-1uent87-MuiButtonBase-root-MuiButton-root"
      tabindex="0"
      type="button"
    >
      Save
    </button>
    <button
      class="MuiButtonBase-root MuiButton-root MuiButton-text MuiButton-textPrimary MuiButton-sizeMedium MuiButton-textSizeMedium MuiButton-colorPrimary MuiButton-root MuiButton-text MuiButton-textPrimary MuiButton-sizeMedium MuiButton-textSizeMedium MuiButton-colorPrimary css-1uent87-MuiButtonBase-root-MuiButton-root"
      tabindex="0"
      type="button"
    >
      Cancel
    </button>
  </div>
</DocumentFragment>
`;

exports[`DatastreamProcessMetadataContent supports task updates 1`] = `
<DocumentFragment>
  <div
    class="MuiDialogContent-root css-kw13he-MuiDialogContent-root"
  >
    Digital ProvenanceTab: EditorTab: Clone
    <div
      style="display: block;"
    >
      Process Label
      <div
        class="MuiInputBase-root MuiOutlinedInput-root MuiInputBase-colorPrimary css-quhxjy-MuiInputBase-root-MuiOutlinedInput-root"
      >
        <input
          class="MuiInputBase-input MuiOutlinedInput-input css-16wblaj-MuiInputBase-input-MuiOutlinedInput-input"
          id="_r_1n_"
          type="text"
          value=""
        />
        <fieldset
          aria-hidden="true"
          class="MuiOutlinedInput-notchedOutline css-18p5xg2-MuiNotchedOutlined-root-MuiOutlinedInput-notchedOutline"
        >
          <legend
            class="css-1n64csd-MuiNotchedOutlined-root"
          >
            <span>
              Process Label
            </span>
          </legend>
        </fieldset>
      </div>
      Process Creator
      <div
        class="MuiInputBase-root MuiOutlinedInput-root MuiInputBase-colorPrimary css-quhxjy-MuiInputBase-root-MuiOutlinedInput-root"
      >
        <input
          class="MuiInputBase-input MuiOutlinedInput-input css-16wblaj-MuiInputBase-input-MuiOutlinedInput-input"
          id="_r_1o_"
          type="text"
          value=""
        />
        <fieldset
          aria-hidden="true"
          class="MuiOutlinedInput-notchedOutline css-18p5xg2-MuiNotchedOutlined-root-MuiOutlinedInput-notchedOutline"
        >
          <legend
            class="css-1n64csd-MuiNotchedOutlined-root"
          >
            <span>
              Process Creator
            </span>
          </legend>
        </fieldset>
      </div>
      LocalizationProviderProcess Organization
      <div
        class="MuiInputBase-root MuiOutlinedInput-root MuiInputBase-colorPrimary css-quhxjy-MuiInputBase-root-MuiOutlinedInput-root"
      >
        <input
          class="MuiInputBase-input MuiOutlinedInput-input css-16wblaj-MuiInputBase-input-MuiOutlinedInput-input"
          id="_r_1p_"
          type="text"
          value=""
        />
        <fieldset
          aria-hidden="true"
          class="MuiOutlinedInput-notchedOutline css-18p5xg2-MuiNotchedOutlined-root-MuiOutlinedInput-notchedOutline"
        >
          <legend
            class="css-1n64csd-MuiNotchedOutlined-root"
          >
            <span>
              Process Organization
            </span>
          </legend>
        </fieldset>
      </div>
    </div>
    <div
      style="display: none;"
    >
      <div>
        PidPicker: {"selected":""}
      </div>
    </div>
  </div>
  <div
    class="MuiDialogActions-root MuiDialogActions-spacing css-15fu35s-MuiDialogActions-root"
  >
    <button
      class="MuiButtonBase-root MuiButton-root MuiButton-text MuiButton-textPrimary MuiButton-sizeMedium MuiButton-textSizeMedium MuiButton-colorPrimary MuiButton-root MuiButton-text MuiButton-textPrimary MuiButton-sizeMedium MuiButton-textSizeMedium MuiButton-colorPrimary uploadProcessMetadataButton css-1uent87-MuiButtonBase-root-MuiButton-root"
      tabindex="0"
      type="button"
    >
      Save
    </button>
    <button
      class="MuiButtonBase-root MuiButton-root MuiButton-text MuiButton-textPrimary MuiButton-sizeMedium MuiButton-textSizeMedium MuiButton-colorPrimary MuiButton-root MuiButton-text MuiButton-textPrimary MuiButton-sizeMedium MuiButton-textSizeMedium MuiButton-colorPrimary css-1uent87-MuiButtonBase-root-MuiButton-root"
      tabindex="0"
      type="button"
    >
      Cancel
    </button>
  </div>
</DocumentFragment>
`;

exports[`DatastreamProcessMetadataContent validates datastreams before cloning metadata from another PID 1`] = `
<DocumentFragment>
  <div
    class="MuiDialogContent-root css-kw13he-MuiDialogContent-root"
  >
    Digital ProvenanceTab: EditorTab: Clone
    <div
      style="display: block;"
    >
      Process Label
      <div
        class="MuiInputBase-root MuiOutlinedInput-root MuiInputBase-colorPrimary css-quhxjy-MuiInputBase-root-MuiOutlinedInput-root"
      >
        <input
          class="MuiInputBase-input MuiOutlinedInput-input css-16wblaj-MuiInputBase-input-MuiOutlinedInput-input"
          id="_r_18_"
          type="text"
          value=""
        />
        <fieldset
          aria-hidden="true"
          class="MuiOutlinedInput-notchedOutline css-18p5xg2-MuiNotchedOutlined-root-MuiOutlinedInput-notchedOutline"
        >
          <legend
            class="css-1n64csd-MuiNotchedOutlined-root"
          >
            <span>
              Process Label
            </span>
          </legend>
        </fieldset>
      </div>
      Process Creator
      <div
        class="MuiInputBase-root MuiOutlinedInput-root MuiInputBase-colorPrimary css-quhxjy-MuiInputBase-root-MuiOutlinedInput-root"
      >
        <input
          class="MuiInputBase-input MuiOutlinedInput-input css-16wblaj-MuiInputBase-input-MuiOutlinedInput-input"
          id="_r_19_"
          type="text"
          value=""
        />
        <fieldset
          aria-hidden="true"
          class="MuiOutlinedInput-notchedOutline css-18p5xg2-MuiNotchedOutlined-root-MuiOutlinedInput-notchedOutline"
        >
          <legend
            class="css-1n64csd-MuiNotchedOutlined-root"
          >
            <span>
              Process Creator
            </span>
          </legend>
        </fieldset>
      </div>
      LocalizationProviderProcess Organization
      <div
        class="MuiInputBase-root MuiOutlinedInput-root MuiInputBase-colorPrimary css-quhxjy-MuiInputBase-root-MuiOutlinedInput-root"
      >
        <input
          class="MuiInputBase-input MuiOutlinedInput-input css-16wblaj-MuiInputBase-input-MuiOutlinedInput-input"
          id="_r_1a_"
          type="text"
          value=""
        />
        <fieldset
          aria-hidden="true"
          class="MuiOutlinedInput-notchedOutline css-18p5xg2-MuiNotchedOutlined-root-MuiOutlinedInput-notchedOutline"
        >
          <legend
            class="css-1n64csd-MuiNotchedOutlined-root"
          >
            <span>
              Process Organization
            </span>
          </legend>
        </fieldset>
      </div>
      <button>
        Add Task
      </button>
    </div>
    <div
      style="display: none;"
    >
      <div>
        PidPicker: {"selected":""}
      </div>
    </div>
  </div>
  <div
    class="MuiDialogActions-root MuiDialogActions-spacing css-15fu35s-MuiDialogActions-root"
  >
    <button
      class="MuiButtonBase-root MuiButton-root MuiButton-text MuiButton-textPrimary MuiButton-sizeMedium MuiButton-textSizeMedium MuiButton-colorPrimary MuiButton-root MuiButton-text MuiButton-textPrimary MuiButton-sizeMedium MuiButton-textSizeMedium MuiButton-colorPrimary uploadProcessMetadataButton css-1uent87-MuiButtonBase-root-MuiButton-root"
      tabindex="0"
      type="button"
    >
      Save
    </button>
    <button
      class="MuiButtonBase-root MuiButton-root MuiButton-text MuiButton-textPrimary MuiButton-sizeMedium MuiButton-textSizeMedium MuiButton-colorPrimary MuiButton-root MuiButton-text MuiButton-textPrimary MuiButton-sizeMedium MuiButton-textSizeMedium MuiButton-colorPrimary css-1uent87-MuiButtonBase-root-MuiButton-root"
      tabindex="0"
      type="button"
    >
      Cancel
    </button>
  </div>
</DocumentFragment>
`;
