// Jest Snapshot v1, https://goo.gl/fbAQLP

exports[`DatastreamControlButton renders 1`] = `
<ForwardRef(Tooltip)
  title="Upload"
>
  <ForwardRef(LoadingButton)
    aria-label="Upload"
    className="datastreamControlButton"
    disabled={false}
    loading={false}
    onClick={[Function]}
    size="small"
  >
    <Memo(ForwardRef(UploadFileIcon)) />
  </ForwardRef(LoadingButton)>
</ForwardRef(Tooltip)>
`;
