// Jest Snapshot v1, https://goo.gl/fbAQLP

exports[`DatastreamList renders 1`] = `
<DocumentFragment>
  <ul
    class="MuiList-root MuiList-padding css-b7dj7n-MuiList-root"
  >
    Datastream: {"datastream":{"stream":"test0","disabled":false}}Datastream: {"datastream":{"stream":"test1","disabled":true}}
  </ul>
</DocumentFragment>
`;
