// Jest Snapshot v1, https://goo.gl/fbAQLP

exports[`EditHome renders 1`] = `
<div>
  Breadcrumbs
  <h1>
    Editor
  </h1>
  <h2>
    Tools
  </h2>
  <ul>
    <li>
      <a
        href="/edit/newChild"
        onClick={[Function]}
        onMouseEnter={[Function]}
      >
        Create New Top-Level Object
      </a>
    </li>
  </ul>
  <h2>
    Contents
  </h2>
  ParentsModal
  StateModal
  ChildList
  EditorSnackbar
</div>
`;
