// Jest Snapshot v1, https://goo.gl/fbAQLP

exports[`ObjectButtonBar renders correctly 1`] = `
<ObjectButtonBar
  pid="foo:123"
>
  <Component
    pid="foo:123"
  >
    ObjectStatus
  </Component>
  <Component
    pid="foo:123"
  >
    EditParentsButton
  </Component>
  <button
    onClick={[Function]}
  >
    <Component
      style={
        Object {
          "height": "14px",
        }
      }
      titleAccess="Refresh children"
    >
      Refresh children
    </Component>
  </button>
  <Component
    pid="foo:123"
  >
    ObjectPreviewButton
  </Component>
</ObjectButtonBar>
`;
