// Jest Snapshot v1, https://goo.gl/fbAQLP

exports[`ObjectEditor renders 1`] = `
<DocumentFragment>
  <div>
    Breadcrumbs
    <h1>
      Editor: Object foo:123
    </h1>
    ObjectSummary
    <div
      class="MuiGrid-root MuiGrid-container MuiGrid-direction-xs-row css-d64g0g-MuiGrid-root"
    >
      <div
        class="MuiGrid-root MuiGrid-direction-xs-row MuiGrid-grid-md-grow css-gmajdv-MuiGrid-root"
      >
        <div
          class="MuiBox-root css-0"
        >
          <h3>
            Object Tools
          </h3>
          <ul>
            <li>
              <a
                href="/edit/object/foo:123/newChild"
              >
                Create New Child Object
              </a>
            </li>
          </ul>
        </div>
      </div>
      <div
        class="MuiGrid-root MuiGrid-direction-xs-row MuiGrid-grid-md-grow css-gmajdv-MuiGrid-root"
      >
        <div
          class="MuiBox-root css-0"
        >
          <h3>
            Datastreams
          </h3>
          DatastreamList
        </div>
      </div>
    </div>
    DatastreamModalParentsModalStateModal
    <h2>
      Contents
    </h2>
    ChildListEditorSnackbar
  </div>
</DocumentFragment>
`;
