// Jest Snapshot v1, https://goo.gl/fbAQLP

exports[`ObjectEditor renders 1`] = `
<div>
  <Component
    pid="foo:123"
  />
  <h1>
    Editor: Object 
    foo:123
  </h1>
  <h2>
    Tools
  </h2>
  <Component />
  <ForwardRef(Grid)
    container={true}
  >
    <ForwardRef(Grid)
      item={true}
      xs={4}
    >
      <ForwardRef(Box)>
        <h3>
          Object
        </h3>
        <ul>
          <li>
            <Link
              href="/edit/object/foo:123/newChild"
            >
              Create New Child Object
            </Link>
          </li>
        </ul>
      </ForwardRef(Box)>
    </ForwardRef(Grid)>
    <ForwardRef(Grid)
      item={true}
      xs={4}
    >
      <ForwardRef(Box)>
        <h3>
          Datastreams
        </h3>
        <Component />
      </ForwardRef(Box)>
    </ForwardRef(Grid)>
  </ForwardRef(Grid)>
  <Component />
  <h2>
    Contents
  </h2>
  <Component
    pid="foo:123"
  />
  <Component />
</div>
`;
