// Jest Snapshot v1, https://goo.gl/fbAQLP

exports[`ObjectModels renders models 1`] = `
<DocumentFragment>
  <div>
    <b>
      Models:
    </b>
    <ul>
      <li
        style="border: 0px;"
      >
        CollectionModel
      </li>
      <li
        style="border: 0px;"
      >
        CoreModel
      </li>
      <li
        style="border: 0px;"
      >
        FolderCollection
      </li>
    </ul>
  </div>
</DocumentFragment>
`;

exports[`ObjectModels renders nothing when data is missing 1`] = `
<DocumentFragment>
  <div />
</DocumentFragment>
`;
